 ▄▄                                                       ▄▄
 ██                                                       ██
▀██▀ ▄███▄  ▀▀█▄ ██▀█▀██ ▄█▀▀▀ ▄████  ████▄  ▀▀█▄ ██   ██ ██
 ██  ██▀▀▀ ▄█▀██ ██ █ ██ ▀███▄ ██     ██ ▀▀ ▄█▀██ ██ █ ██ ██
 ▀█▄ ▀████ ▀█▄██ ██   ██ ▄▄▄█▀ ▀████  ██    ▀█▄██  ██▀██  ██
local-first Teams mirror for SQLite  |  doctor

DOCTOR
======

Ready checks
------------
  ● teams_installed    Teams data found at <teams-root>
  ● full_disk_access   not applicable on Windows
  ● teams_origin       1 Teams origin(s) found
  ● database_writable  <db> is writable
  ● schema_version     schema v2
  ● fts                full-text indexes present
  ● archive_newer      the archive was written by this or an older teamscrawl (derivation version 2)
  ● last_sync_status   the last sync was ok
  ● last_sync_age      last successful sync <age> ago

Snapshot
--------
  accounts=2  |  conversations=14  |  messages=110  |  people=10  |  activity=22
  last sync    <stamp>
  archive age  <age>
